// Jest Snapshot v1, https://goo.gl/fbAQLP

exports[`Admin should be rendered matches snapshot 1`] = `<DocumentFragment />`;
