// Jest Snapshot v1, https://goo.gl/fbAQLP

exports[`app should render register since there is no logged in uesr matches snapshot 1`] = `<DocumentFragment />`;
