// Jest Snapshot v1, https://goo.gl/fbAQLP

exports[`Register should render matches snapshot 1`] = `<DocumentFragment />`;
