// Jest Snapshot v1, https://goo.gl/fbAQLP

exports[`User should be rendered matches snapshot 1`] = `<DocumentFragment />`;
